2025-02-14T13:19:59.020+05:30  INFO 35560 --- [metro-service] [main] c.f.m.MetroServiceApplication            : Starting MetroServiceApplication using Java 21.0.6 with PID 35560 (C:\Users\Fatima\OneDrive\Desktop\Webknot Assignment\SpringBoot\Major Assignment\metro-service\target\classes started by Fatima in C:\Users\Fatima\OneDrive\Desktop\Webknot Assignment\SpringBoot\Major Assignment\metro-service)
2025-02-14T13:19:59.022+05:30  INFO 35560 --- [metro-service] [main] c.f.m.MetroServiceApplication            : No active profile set, falling back to 1 default profile: "default"
2025-02-14T13:19:59.739+05:30  INFO 35560 --- [metro-service] [main] .s.d.r.c.RepositoryConfigurationDelegate : Multiple Spring Data modules found, entering strict repository configuration mode
2025-02-14T13:19:59.741+05:30  INFO 35560 --- [metro-service] [main] .s.d.r.c.RepositoryConfigurationDelegate : Bootstrapping Spring Data JPA repositories in DEFAULT mode.
2025-02-14T13:19:59.902+05:30  INFO 35560 --- [metro-service] [main] .s.d.r.c.RepositoryConfigurationDelegate : Finished Spring Data repository scanning in 152 ms. Found 3 JPA repository interfaces.
2025-02-14T13:19:59.921+05:30  INFO 35560 --- [metro-service] [main] .s.d.r.c.RepositoryConfigurationDelegate : Multiple Spring Data modules found, entering strict repository configuration mode
2025-02-14T13:19:59.922+05:30  INFO 35560 --- [metro-service] [main] .s.d.r.c.RepositoryConfigurationDelegate : Bootstrapping Spring Data Redis repositories in DEFAULT mode.
2025-02-14T13:19:59.939+05:30  INFO 35560 --- [metro-service] [main] .RepositoryConfigurationExtensionSupport : Spring Data Redis - Could not safely identify store assignment for repository candidate interface com.fatima.metro_service.repository.CheckInRepository; If you want this repository to be a Redis repository, consider annotating your entities with one of these annotations: org.springframework.data.redis.core.RedisHash (preferred), or consider extending one of the following types with your repository: org.springframework.data.keyvalue.repository.KeyValueRepository
2025-02-14T13:19:59.939+05:30  INFO 35560 --- [metro-service] [main] .RepositoryConfigurationExtensionSupport : Spring Data Redis - Could not safely identify store assignment for repository candidate interface com.fatima.metro_service.repository.CheckOutRepository; If you want this repository to be a Redis repository, consider annotating your entities with one of these annotations: org.springframework.data.redis.core.RedisHash (preferred), or consider extending one of the following types with your repository: org.springframework.data.keyvalue.repository.KeyValueRepository
2025-02-14T13:19:59.940+05:30  INFO 35560 --- [metro-service] [main] .RepositoryConfigurationExtensionSupport : Spring Data Redis - Could not safely identify store assignment for repository candidate interface com.fatima.metro_service.repository.StationRepository; If you want this repository to be a Redis repository, consider annotating your entities with one of these annotations: org.springframework.data.redis.core.RedisHash (preferred), or consider extending one of the following types with your repository: org.springframework.data.keyvalue.repository.KeyValueRepository
2025-02-14T13:19:59.940+05:30  INFO 35560 --- [metro-service] [main] .s.d.r.c.RepositoryConfigurationDelegate : Finished Spring Data repository scanning in 9 ms. Found 0 Redis repository interfaces.
2025-02-14T13:20:00.580+05:30  INFO 35560 --- [metro-service] [main] o.s.b.w.embedded.tomcat.TomcatWebServer  : Tomcat initialized with port 8093 (http)
2025-02-14T13:20:00.594+05:30  INFO 35560 --- [metro-service] [main] o.apache.catalina.core.StandardService   : Starting service [Tomcat]
2025-02-14T13:20:00.594+05:30  INFO 35560 --- [metro-service] [main] o.apache.catalina.core.StandardEngine    : Starting Servlet engine: [Apache Tomcat/10.1.34]
2025-02-14T13:20:00.682+05:30  INFO 35560 --- [metro-service] [main] o.a.c.c.C.[Tomcat].[localhost].[/]       : Initializing Spring embedded WebApplicationContext
2025-02-14T13:20:00.682+05:30  INFO 35560 --- [metro-service] [main] w.s.c.ServletWebServerApplicationContext : Root WebApplicationContext: initialization completed in 1603 ms
2025-02-14T13:20:00.802+05:30  INFO 35560 --- [metro-service] [main] com.zaxxer.hikari.HikariDataSource       : HikariPool-1 - Starting...
2025-02-14T13:20:01.196+05:30  INFO 35560 --- [metro-service] [main] com.zaxxer.hikari.pool.HikariPool        : HikariPool-1 - Added connection com.mysql.cj.jdbc.ConnectionImpl@71b97eeb
2025-02-14T13:20:01.198+05:30  INFO 35560 --- [metro-service] [main] com.zaxxer.hikari.HikariDataSource       : HikariPool-1 - Start completed.
2025-02-14T13:20:01.255+05:30  INFO 35560 --- [metro-service] [main] o.hibernate.jpa.internal.util.LogHelper  : HHH000204: Processing PersistenceUnitInfo [name: default]
2025-02-14T13:20:01.334+05:30  INFO 35560 --- [metro-service] [main] org.hibernate.Version                    : HHH000412: Hibernate ORM core version 6.6.5.Final
2025-02-14T13:20:01.376+05:30  INFO 35560 --- [metro-service] [main] o.h.c.internal.RegionFactoryInitiator    : HHH000026: Second-level cache disabled
2025-02-14T13:20:01.700+05:30  INFO 35560 --- [metro-service] [main] o.s.o.j.p.SpringPersistenceUnitInfo      : No LoadTimeWeaver setup: ignoring JPA class transformer
2025-02-14T13:20:01.784+05:30  WARN 35560 --- [metro-service] [main] org.hibernate.orm.deprecation            : HHH90000025: MySQL8Dialect does not need to be specified explicitly using 'hibernate.dialect' (remove the property setting and it will be selected by default)
2025-02-14T13:20:01.785+05:30  WARN 35560 --- [metro-service] [main] org.hibernate.orm.deprecation            : HHH90000026: MySQL8Dialect has been deprecated; use org.hibernate.dialect.MySQLDialect instead
2025-02-14T13:20:01.799+05:30  INFO 35560 --- [metro-service] [main] org.hibernate.orm.connections.pooling    : HHH10001005: Database info:
	Database JDBC URL [Connecting through datasource 'HikariDataSource (HikariPool-1)']
	Database driver: undefined/unknown
	Database version: 8.0
	Autocommit mode: undefined/unknown
	Isolation level: undefined/unknown
	Minimum pool size: undefined/unknown
	Maximum pool size: undefined/unknown
2025-02-14T13:20:02.592+05:30  INFO 35560 --- [metro-service] [main] o.h.e.t.j.p.i.JtaPlatformInitiator       : HHH000489: No JTA platform available (set 'hibernate.transaction.jta.platform' to enable JTA platform integration)
2025-02-14T13:20:02.645+05:30  INFO 35560 --- [metro-service] [main] j.LocalContainerEntityManagerFactoryBean : Initialized JPA EntityManagerFactory for persistence unit 'default'
2025-02-14T13:20:03.255+05:30  WARN 35560 --- [metro-service] [main] JpaBaseConfiguration$JpaWebConfiguration : spring.jpa.open-in-view is enabled by default. Therefore, database queries may be performed during view rendering. Explicitly configure spring.jpa.open-in-view to disable this warning
2025-02-14T13:20:03.733+05:30  INFO 35560 --- [metro-service] [main] o.a.k.clients.admin.AdminClientConfig    : AdminClientConfig values: 
	auto.include.jmx.reporter = true
	bootstrap.controllers = []
	bootstrap.servers = [localhost:9092]
	client.dns.lookup = use_all_dns_ips
	client.id = metro-service-admin-0
	connections.max.idle.ms = 300000
	default.api.timeout.ms = 60000
	enable.metrics.push = true
	metadata.max.age.ms = 300000
	metadata.recovery.strategy = none
	metric.reporters = []
	metrics.num.samples = 2
	metrics.recording.level = INFO
	metrics.sample.window.ms = 30000
	receive.buffer.bytes = 65536
	reconnect.backoff.max.ms = 1000
	reconnect.backoff.ms = 50
	request.timeout.ms = 30000
	retries = 2147483647
	retry.backoff.max.ms = 1000
	retry.backoff.ms = 100
	sasl.client.callback.handler.class = null
	sasl.jaas.config = null
	sasl.kerberos.kinit.cmd = /usr/bin/kinit
	sasl.kerberos.min.time.before.relogin = 60000
	sasl.kerberos.service.name = null
	sasl.kerberos.ticket.renew.jitter = 0.05
	sasl.kerberos.ticket.renew.window.factor = 0.8
	sasl.login.callback.handler.class = null
	sasl.login.class = null
	sasl.login.connect.timeout.ms = null
	sasl.login.read.timeout.ms = null
	sasl.login.refresh.buffer.seconds = 300
	sasl.login.refresh.min.period.seconds = 60
	sasl.login.refresh.window.factor = 0.8
	sasl.login.refresh.window.jitter = 0.05
	sasl.login.retry.backoff.max.ms = 10000
	sasl.login.retry.backoff.ms = 100
	sasl.mechanism = GSSAPI
	sasl.oauthbearer.clock.skew.seconds = 30
	sasl.oauthbearer.expected.audience = null
	sasl.oauthbearer.expected.issuer = null
	sasl.oauthbearer.jwks.endpoint.refresh.ms = 3600000
	sasl.oauthbearer.jwks.endpoint.retry.backoff.max.ms = 10000
	sasl.oauthbearer.jwks.endpoint.retry.backoff.ms = 100
	sasl.oauthbearer.jwks.endpoint.url = null
	sasl.oauthbearer.scope.claim.name = scope
	sasl.oauthbearer.sub.claim.name = sub
	sasl.oauthbearer.token.endpoint.url = null
	security.protocol = PLAINTEXT
	security.providers = null
	send.buffer.bytes = 131072
	socket.connection.setup.timeout.max.ms = 30000
	socket.connection.setup.timeout.ms = 10000
	ssl.cipher.suites = null
	ssl.enabled.protocols = [TLSv1.2, TLSv1.3]
	ssl.endpoint.identification.algorithm = https
	ssl.engine.factory.class = null
	ssl.key.password = null
	ssl.keymanager.algorithm = SunX509
	ssl.keystore.certificate.chain = null
	ssl.keystore.key = null
	ssl.keystore.location = null
	ssl.keystore.password = null
	ssl.keystore.type = JKS
	ssl.protocol = TLSv1.3
	ssl.provider = null
	ssl.secure.random.implementation = null
	ssl.trustmanager.algorithm = PKIX
	ssl.truststore.certificates = null
	ssl.truststore.location = null
	ssl.truststore.password = null
	ssl.truststore.type = JKS

2025-02-14T13:20:03.905+05:30  INFO 35560 --- [metro-service] [main] o.a.kafka.common.utils.AppInfoParser     : Kafka version: 3.8.1
2025-02-14T13:20:03.905+05:30  INFO 35560 --- [metro-service] [main] o.a.kafka.common.utils.AppInfoParser     : Kafka commitId: 70d6ff42debf7e17
2025-02-14T13:20:03.905+05:30  INFO 35560 --- [metro-service] [main] o.a.kafka.common.utils.AppInfoParser     : Kafka startTimeMs: 1739519403902
2025-02-14T13:20:04.241+05:30  WARN 35560 --- [metro-service] [kafka-admin-client-thread | metro-service-admin-0] o.a.k.clients.admin.KafkaAdminClient     : [AdminClient clientId=metro-service-admin-0] The DescribeTopicPartitions API is not supported, using Metadata API to describe topics.
2025-02-14T13:20:04.250+05:30  INFO 35560 --- [metro-service] [kafka-admin-client-thread | metro-service-admin-0] o.a.kafka.common.utils.AppInfoParser     : App info kafka.admin.client for metro-service-admin-0 unregistered
2025-02-14T13:20:04.254+05:30  INFO 35560 --- [metro-service] [kafka-admin-client-thread | metro-service-admin-0] o.apache.kafka.common.metrics.Metrics    : Metrics scheduler closed
2025-02-14T13:20:04.254+05:30  INFO 35560 --- [metro-service] [kafka-admin-client-thread | metro-service-admin-0] o.apache.kafka.common.metrics.Metrics    : Closing reporter org.apache.kafka.common.metrics.JmxReporter
2025-02-14T13:20:04.254+05:30  INFO 35560 --- [metro-service] [kafka-admin-client-thread | metro-service-admin-0] o.apache.kafka.common.metrics.Metrics    : Metrics reporters closed
2025-02-14T13:20:04.271+05:30  INFO 35560 --- [metro-service] [main] o.s.b.w.embedded.tomcat.TomcatWebServer  : Tomcat started on port 8093 (http) with context path '/'
2025-02-14T13:20:04.281+05:30  INFO 35560 --- [metro-service] [main] c.f.m.MetroServiceApplication            : Started MetroServiceApplication in 5.788 seconds (process running for 6.376)
2025-02-14T13:20:37.912+05:30  INFO 35560 --- [metro-service] [http-nio-8093-exec-1] o.a.c.c.C.[Tomcat].[localhost].[/]       : Initializing Spring DispatcherServlet 'dispatcherServlet'
2025-02-14T13:20:37.913+05:30  INFO 35560 --- [metro-service] [http-nio-8093-exec-1] o.s.web.servlet.DispatcherServlet        : Initializing Servlet 'dispatcherServlet'
2025-02-14T13:20:37.914+05:30  INFO 35560 --- [metro-service] [http-nio-8093-exec-1] o.s.web.servlet.DispatcherServlet        : Completed initialization in 1 ms
2025-02-14T13:29:44.135+05:30  INFO 35560 --- [metro-service] [SpringApplicationShutdownHook] o.s.b.w.e.tomcat.GracefulShutdown        : Commencing graceful shutdown. Waiting for active requests to complete
2025-02-14T13:29:44.166+05:30  INFO 35560 --- [metro-service] [tomcat-shutdown] o.s.b.w.e.tomcat.GracefulShutdown        : Graceful shutdown complete
2025-02-14T13:29:44.279+05:30  INFO 35560 --- [metro-service] [SpringApplicationShutdownHook] j.LocalContainerEntityManagerFactoryBean : Closing JPA EntityManagerFactory for persistence unit 'default'
2025-02-14T13:29:44.296+05:30  INFO 35560 --- [metro-service] [SpringApplicationShutdownHook] com.zaxxer.hikari.HikariDataSource       : HikariPool-1 - Shutdown initiated...
2025-02-14T13:29:44.341+05:30  INFO 35560 --- [metro-service] [SpringApplicationShutdownHook] com.zaxxer.hikari.HikariDataSource       : HikariPool-1 - Shutdown completed.
2025-02-14T13:29:49.315+05:30  INFO 7304 --- [metro-service] [main] c.f.m.MetroServiceApplication            : Starting MetroServiceApplication using Java 21.0.6 with PID 7304 (C:\Users\Fatima\OneDrive\Desktop\Webknot Assignment\SpringBoot\Major Assignment\metro-service\target\classes started by Fatima in C:\Users\Fatima\OneDrive\Desktop\Webknot Assignment\SpringBoot\Major Assignment\metro-service)
2025-02-14T13:29:49.318+05:30  INFO 7304 --- [metro-service] [main] c.f.m.MetroServiceApplication            : No active profile set, falling back to 1 default profile: "default"
2025-02-14T13:29:50.143+05:30  INFO 7304 --- [metro-service] [main] .s.d.r.c.RepositoryConfigurationDelegate : Multiple Spring Data modules found, entering strict repository configuration mode
2025-02-14T13:29:50.145+05:30  INFO 7304 --- [metro-service] [main] .s.d.r.c.RepositoryConfigurationDelegate : Bootstrapping Spring Data JPA repositories in DEFAULT mode.
2025-02-14T13:29:50.330+05:30  INFO 7304 --- [metro-service] [main] .s.d.r.c.RepositoryConfigurationDelegate : Finished Spring Data repository scanning in 175 ms. Found 3 JPA repository interfaces.
2025-02-14T13:29:50.352+05:30  INFO 7304 --- [metro-service] [main] .s.d.r.c.RepositoryConfigurationDelegate : Multiple Spring Data modules found, entering strict repository configuration mode
2025-02-14T13:29:50.353+05:30  INFO 7304 --- [metro-service] [main] .s.d.r.c.RepositoryConfigurationDelegate : Bootstrapping Spring Data Redis repositories in DEFAULT mode.
2025-02-14T13:29:50.370+05:30  INFO 7304 --- [metro-service] [main] .RepositoryConfigurationExtensionSupport : Spring Data Redis - Could not safely identify store assignment for repository candidate interface com.fatima.metro_service.repository.CheckInRepository; If you want this repository to be a Redis repository, consider annotating your entities with one of these annotations: org.springframework.data.redis.core.RedisHash (preferred), or consider extending one of the following types with your repository: org.springframework.data.keyvalue.repository.KeyValueRepository
2025-02-14T13:29:50.371+05:30  INFO 7304 --- [metro-service] [main] .RepositoryConfigurationExtensionSupport : Spring Data Redis - Could not safely identify store assignment for repository candidate interface com.fatima.metro_service.repository.CheckOutRepository; If you want this repository to be a Redis repository, consider annotating your entities with one of these annotations: org.springframework.data.redis.core.RedisHash (preferred), or consider extending one of the following types with your repository: org.springframework.data.keyvalue.repository.KeyValueRepository
2025-02-14T13:29:50.371+05:30  INFO 7304 --- [metro-service] [main] .RepositoryConfigurationExtensionSupport : Spring Data Redis - Could not safely identify store assignment for repository candidate interface com.fatima.metro_service.repository.StationRepository; If you want this repository to be a Redis repository, consider annotating your entities with one of these annotations: org.springframework.data.redis.core.RedisHash (preferred), or consider extending one of the following types with your repository: org.springframework.data.keyvalue.repository.KeyValueRepository
2025-02-14T13:29:50.371+05:30  INFO 7304 --- [metro-service] [main] .s.d.r.c.RepositoryConfigurationDelegate : Finished Spring Data repository scanning in 8 ms. Found 0 Redis repository interfaces.
2025-02-14T13:29:51.143+05:30  INFO 7304 --- [metro-service] [main] o.s.b.w.embedded.tomcat.TomcatWebServer  : Tomcat initialized with port 8093 (http)
2025-02-14T13:29:51.157+05:30  INFO 7304 --- [metro-service] [main] o.apache.catalina.core.StandardService   : Starting service [Tomcat]
2025-02-14T13:29:51.157+05:30  INFO 7304 --- [metro-service] [main] o.apache.catalina.core.StandardEngine    : Starting Servlet engine: [Apache Tomcat/10.1.34]
2025-02-14T13:29:51.245+05:30  INFO 7304 --- [metro-service] [main] o.a.c.c.C.[Tomcat].[localhost].[/]       : Initializing Spring embedded WebApplicationContext
2025-02-14T13:29:51.245+05:30  INFO 7304 --- [metro-service] [main] w.s.c.ServletWebServerApplicationContext : Root WebApplicationContext: initialization completed in 1880 ms
2025-02-14T13:29:51.379+05:30  INFO 7304 --- [metro-service] [main] com.zaxxer.hikari.HikariDataSource       : HikariPool-1 - Starting...
2025-02-14T13:29:51.866+05:30  INFO 7304 --- [metro-service] [main] com.zaxxer.hikari.pool.HikariPool        : HikariPool-1 - Added connection com.mysql.cj.jdbc.ConnectionImpl@4a1dda83
2025-02-14T13:29:51.868+05:30  INFO 7304 --- [metro-service] [main] com.zaxxer.hikari.HikariDataSource       : HikariPool-1 - Start completed.
2025-02-14T13:29:51.936+05:30  INFO 7304 --- [metro-service] [main] o.hibernate.jpa.internal.util.LogHelper  : HHH000204: Processing PersistenceUnitInfo [name: default]
2025-02-14T13:29:52.015+05:30  INFO 7304 --- [metro-service] [main] org.hibernate.Version                    : HHH000412: Hibernate ORM core version 6.6.5.Final
2025-02-14T13:29:52.060+05:30  INFO 7304 --- [metro-service] [main] o.h.c.internal.RegionFactoryInitiator    : HHH000026: Second-level cache disabled
2025-02-14T13:29:52.409+05:30  INFO 7304 --- [metro-service] [main] o.s.o.j.p.SpringPersistenceUnitInfo      : No LoadTimeWeaver setup: ignoring JPA class transformer
2025-02-14T13:29:52.506+05:30  WARN 7304 --- [metro-service] [main] org.hibernate.orm.deprecation            : HHH90000025: MySQL8Dialect does not need to be specified explicitly using 'hibernate.dialect' (remove the property setting and it will be selected by default)
2025-02-14T13:29:52.507+05:30  WARN 7304 --- [metro-service] [main] org.hibernate.orm.deprecation            : HHH90000026: MySQL8Dialect has been deprecated; use org.hibernate.dialect.MySQLDialect instead
2025-02-14T13:29:52.524+05:30  INFO 7304 --- [metro-service] [main] org.hibernate.orm.connections.pooling    : HHH10001005: Database info:
	Database JDBC URL [Connecting through datasource 'HikariDataSource (HikariPool-1)']
	Database driver: undefined/unknown
	Database version: 8.0
	Autocommit mode: undefined/unknown
	Isolation level: undefined/unknown
	Minimum pool size: undefined/unknown
	Maximum pool size: undefined/unknown
2025-02-14T13:29:53.395+05:30  INFO 7304 --- [metro-service] [main] o.h.e.t.j.p.i.JtaPlatformInitiator       : HHH000489: No JTA platform available (set 'hibernate.transaction.jta.platform' to enable JTA platform integration)
2025-02-14T13:29:53.482+05:30  INFO 7304 --- [metro-service] [main] j.LocalContainerEntityManagerFactoryBean : Initialized JPA EntityManagerFactory for persistence unit 'default'
2025-02-14T13:29:54.226+05:30  WARN 7304 --- [metro-service] [main] JpaBaseConfiguration$JpaWebConfiguration : spring.jpa.open-in-view is enabled by default. Therefore, database queries may be performed during view rendering. Explicitly configure spring.jpa.open-in-view to disable this warning
2025-02-14T13:29:54.736+05:30  INFO 7304 --- [metro-service] [main] o.a.k.clients.admin.AdminClientConfig    : AdminClientConfig values: 
	auto.include.jmx.reporter = true
	bootstrap.controllers = []
	bootstrap.servers = [localhost:9092]
	client.dns.lookup = use_all_dns_ips
	client.id = metro-service-admin-0
	connections.max.idle.ms = 300000
	default.api.timeout.ms = 60000
	enable.metrics.push = true
	metadata.max.age.ms = 300000
	metadata.recovery.strategy = none
	metric.reporters = []
	metrics.num.samples = 2
	metrics.recording.level = INFO
	metrics.sample.window.ms = 30000
	receive.buffer.bytes = 65536
	reconnect.backoff.max.ms = 1000
	reconnect.backoff.ms = 50
	request.timeout.ms = 30000
	retries = 2147483647
	retry.backoff.max.ms = 1000
	retry.backoff.ms = 100
	sasl.client.callback.handler.class = null
	sasl.jaas.config = null
	sasl.kerberos.kinit.cmd = /usr/bin/kinit
	sasl.kerberos.min.time.before.relogin = 60000
	sasl.kerberos.service.name = null
	sasl.kerberos.ticket.renew.jitter = 0.05
	sasl.kerberos.ticket.renew.window.factor = 0.8
	sasl.login.callback.handler.class = null
	sasl.login.class = null
	sasl.login.connect.timeout.ms = null
	sasl.login.read.timeout.ms = null
	sasl.login.refresh.buffer.seconds = 300
	sasl.login.refresh.min.period.seconds = 60
	sasl.login.refresh.window.factor = 0.8
	sasl.login.refresh.window.jitter = 0.05
	sasl.login.retry.backoff.max.ms = 10000
	sasl.login.retry.backoff.ms = 100
	sasl.mechanism = GSSAPI
	sasl.oauthbearer.clock.skew.seconds = 30
	sasl.oauthbearer.expected.audience = null
	sasl.oauthbearer.expected.issuer = null
	sasl.oauthbearer.jwks.endpoint.refresh.ms = 3600000
	sasl.oauthbearer.jwks.endpoint.retry.backoff.max.ms = 10000
	sasl.oauthbearer.jwks.endpoint.retry.backoff.ms = 100
	sasl.oauthbearer.jwks.endpoint.url = null
	sasl.oauthbearer.scope.claim.name = scope
	sasl.oauthbearer.sub.claim.name = sub
	sasl.oauthbearer.token.endpoint.url = null
	security.protocol = PLAINTEXT
	security.providers = null
	send.buffer.bytes = 131072
	socket.connection.setup.timeout.max.ms = 30000
	socket.connection.setup.timeout.ms = 10000
	ssl.cipher.suites = null
	ssl.enabled.protocols = [TLSv1.2, TLSv1.3]
	ssl.endpoint.identification.algorithm = https
	ssl.engine.factory.class = null
	ssl.key.password = null
	ssl.keymanager.algorithm = SunX509
	ssl.keystore.certificate.chain = null
	ssl.keystore.key = null
	ssl.keystore.location = null
	ssl.keystore.password = null
	ssl.keystore.type = JKS
	ssl.protocol = TLSv1.3
	ssl.provider = null
	ssl.secure.random.implementation = null
	ssl.trustmanager.algorithm = PKIX
	ssl.truststore.certificates = null
	ssl.truststore.location = null
	ssl.truststore.password = null
	ssl.truststore.type = JKS

2025-02-14T13:29:54.939+05:30  INFO 7304 --- [metro-service] [main] o.a.kafka.common.utils.AppInfoParser     : Kafka version: 3.8.1
2025-02-14T13:29:54.939+05:30  INFO 7304 --- [metro-service] [main] o.a.kafka.common.utils.AppInfoParser     : Kafka commitId: 70d6ff42debf7e17
2025-02-14T13:29:54.939+05:30  INFO 7304 --- [metro-service] [main] o.a.kafka.common.utils.AppInfoParser     : Kafka startTimeMs: 1739519994937
2025-02-14T13:29:55.343+05:30  WARN 7304 --- [metro-service] [kafka-admin-client-thread | metro-service-admin-0] o.a.k.clients.admin.KafkaAdminClient     : [AdminClient clientId=metro-service-admin-0] The DescribeTopicPartitions API is not supported, using Metadata API to describe topics.
2025-02-14T13:29:55.354+05:30  INFO 7304 --- [metro-service] [kafka-admin-client-thread | metro-service-admin-0] o.a.kafka.common.utils.AppInfoParser     : App info kafka.admin.client for metro-service-admin-0 unregistered
2025-02-14T13:29:55.357+05:30  INFO 7304 --- [metro-service] [kafka-admin-client-thread | metro-service-admin-0] o.apache.kafka.common.metrics.Metrics    : Metrics scheduler closed
2025-02-14T13:29:55.357+05:30  INFO 7304 --- [metro-service] [kafka-admin-client-thread | metro-service-admin-0] o.apache.kafka.common.metrics.Metrics    : Closing reporter org.apache.kafka.common.metrics.JmxReporter
2025-02-14T13:29:55.357+05:30  INFO 7304 --- [metro-service] [kafka-admin-client-thread | metro-service-admin-0] o.apache.kafka.common.metrics.Metrics    : Metrics reporters closed
2025-02-14T13:29:55.372+05:30  INFO 7304 --- [metro-service] [main] o.s.b.w.embedded.tomcat.TomcatWebServer  : Tomcat started on port 8093 (http) with context path '/'
2025-02-14T13:29:55.380+05:30  INFO 7304 --- [metro-service] [main] c.f.m.MetroServiceApplication            : Started MetroServiceApplication in 6.646 seconds (process running for 7.243)
2025-02-14T13:31:00.391+05:30  INFO 7304 --- [metro-service] [http-nio-8093-exec-1] o.a.c.c.C.[Tomcat].[localhost].[/]       : Initializing Spring DispatcherServlet 'dispatcherServlet'
2025-02-14T13:31:00.394+05:30  INFO 7304 --- [metro-service] [http-nio-8093-exec-1] o.s.web.servlet.DispatcherServlet        : Initializing Servlet 'dispatcherServlet'
2025-02-14T13:31:00.403+05:30  INFO 7304 --- [metro-service] [http-nio-8093-exec-1] o.s.web.servlet.DispatcherServlet        : Completed initialization in 7 ms
2025-02-14T13:31:00.738+05:30  INFO 7304 --- [metro-service] [http-nio-8093-exec-1] c.f.m.controller.StationController       : fetching active stations
2025-02-14T13:31:05.991+05:30  INFO 7304 --- [metro-service] [http-nio-8093-exec-3] c.f.m.controller.CheckInOutController    : Checking in
2025-02-14T13:31:10.618+05:30  INFO 7304 --- [metro-service] [http-nio-8093-exec-4] c.f.m.controller.SosController           : Creating SOS at station 1
2025-02-14T13:31:10.649+05:30  INFO 7304 --- [metro-service] [http-nio-8093-exec-4] o.a.k.clients.producer.ProducerConfig    : ProducerConfig values: 
	acks = -1
	auto.include.jmx.reporter = true
	batch.size = 16384
	bootstrap.servers = [localhost:9092]
	buffer.memory = 33554432
	client.dns.lookup = use_all_dns_ips
	client.id = metro-service-producer-1
	compression.gzip.level = -1
	compression.lz4.level = 9
	compression.type = none
	compression.zstd.level = 3
	connections.max.idle.ms = 540000
	delivery.timeout.ms = 120000
	enable.idempotence = true
	enable.metrics.push = true
	interceptor.classes = []
	key.serializer = class org.apache.kafka.common.serialization.StringSerializer
	linger.ms = 0
	max.block.ms = 60000
	max.in.flight.requests.per.connection = 5
	max.request.size = 1048576
	metadata.max.age.ms = 300000
	metadata.max.idle.ms = 300000
	metadata.recovery.strategy = none
	metric.reporters = []
	metrics.num.samples = 2
	metrics.recording.level = INFO
	metrics.sample.window.ms = 30000
	partitioner.adaptive.partitioning.enable = true
	partitioner.availability.timeout.ms = 0
	partitioner.class = null
	partitioner.ignore.keys = false
	receive.buffer.bytes = 32768
	reconnect.backoff.max.ms = 1000
	reconnect.backoff.ms = 50
	request.timeout.ms = 30000
	retries = 2147483647
	retry.backoff.max.ms = 1000
	retry.backoff.ms = 100
	sasl.client.callback.handler.class = null
	sasl.jaas.config = null
	sasl.kerberos.kinit.cmd = /usr/bin/kinit
	sasl.kerberos.min.time.before.relogin = 60000
	sasl.kerberos.service.name = null
	sasl.kerberos.ticket.renew.jitter = 0.05
	sasl.kerberos.ticket.renew.window.factor = 0.8
	sasl.login.callback.handler.class = null
	sasl.login.class = null
	sasl.login.connect.timeout.ms = null
	sasl.login.read.timeout.ms = null
	sasl.login.refresh.buffer.seconds = 300
	sasl.login.refresh.min.period.seconds = 60
	sasl.login.refresh.window.factor = 0.8
	sasl.login.refresh.window.jitter = 0.05
	sasl.login.retry.backoff.max.ms = 10000
	sasl.login.retry.backoff.ms = 100
	sasl.mechanism = GSSAPI
	sasl.oauthbearer.clock.skew.seconds = 30
	sasl.oauthbearer.expected.audience = null
	sasl.oauthbearer.expected.issuer = null
	sasl.oauthbearer.jwks.endpoint.refresh.ms = 3600000
	sasl.oauthbearer.jwks.endpoint.retry.backoff.max.ms = 10000
	sasl.oauthbearer.jwks.endpoint.retry.backoff.ms = 100
	sasl.oauthbearer.jwks.endpoint.url = null
	sasl.oauthbearer.scope.claim.name = scope
	sasl.oauthbearer.sub.claim.name = sub
	sasl.oauthbearer.token.endpoint.url = null
	security.protocol = PLAINTEXT
	security.providers = null
	send.buffer.bytes = 131072
	socket.connection.setup.timeout.max.ms = 30000
	socket.connection.setup.timeout.ms = 10000
	ssl.cipher.suites = null
	ssl.enabled.protocols = [TLSv1.2, TLSv1.3]
	ssl.endpoint.identification.algorithm = https
	ssl.engine.factory.class = null
	ssl.key.password = null
	ssl.keymanager.algorithm = SunX509
	ssl.keystore.certificate.chain = null
	ssl.keystore.key = null
	ssl.keystore.location = null
	ssl.keystore.password = null
	ssl.keystore.type = JKS
	ssl.protocol = TLSv1.3
	ssl.provider = null
	ssl.secure.random.implementation = null
	ssl.trustmanager.algorithm = PKIX
	ssl.truststore.certificates = null
	ssl.truststore.location = null
	ssl.truststore.password = null
	ssl.truststore.type = JKS
	transaction.timeout.ms = 60000
	transactional.id = null
	value.serializer = class org.apache.kafka.common.serialization.StringSerializer

2025-02-14T13:31:10.682+05:30  INFO 7304 --- [metro-service] [http-nio-8093-exec-4] o.a.k.c.t.i.KafkaMetricsCollector        : initializing Kafka metrics collector
2025-02-14T13:31:10.694+05:30  INFO 7304 --- [metro-service] [http-nio-8093-exec-4] o.a.k.clients.producer.KafkaProducer     : [Producer clientId=metro-service-producer-1] Instantiated an idempotent producer.
2025-02-14T13:31:10.717+05:30  INFO 7304 --- [metro-service] [http-nio-8093-exec-4] o.a.kafka.common.utils.AppInfoParser     : Kafka version: 3.8.1
2025-02-14T13:31:10.719+05:30  INFO 7304 --- [metro-service] [http-nio-8093-exec-4] o.a.kafka.common.utils.AppInfoParser     : Kafka commitId: 70d6ff42debf7e17
2025-02-14T13:31:10.719+05:30  INFO 7304 --- [metro-service] [http-nio-8093-exec-4] o.a.kafka.common.utils.AppInfoParser     : Kafka startTimeMs: 1739520070717
2025-02-14T13:31:10.734+05:30  INFO 7304 --- [metro-service] [kafka-producer-network-thread | metro-service-producer-1] org.apache.kafka.clients.Metadata        : [Producer clientId=metro-service-producer-1] Cluster ID: GCmwKGrETWWW8TJ7NCyukw
2025-02-14T13:31:10.744+05:30  INFO 7304 --- [metro-service] [kafka-producer-network-thread | metro-service-producer-1] o.a.k.c.p.internals.TransactionManager   : [Producer clientId=metro-service-producer-1] ProducerId set to 9 with epoch 0
2025-02-14T13:31:10.998+05:30  INFO 7304 --- [metro-service] [http-nio-8093-exec-5] c.f.m.controller.StationController       : fetching email for station: 1
2025-02-14T13:31:36.497+05:30  INFO 7304 --- [metro-service] [http-nio-8093-exec-6] c.f.m.controller.CheckInOutController    : Checking out
2025-02-14T13:31:36.556+05:30  INFO 7304 --- [metro-service] [http-nio-8093-exec-6] c.f.m.exception.GlobalExceptionHandler   : handling runtime errorQuery did not return a unique result: 2 results were returned
2025-02-14T13:31:56.077+05:30  INFO 7304 --- [metro-service] [http-nio-8093-exec-8] c.f.m.controller.CheckInOutController    : Checking out
2025-02-14T13:31:56.089+05:30  INFO 7304 --- [metro-service] [http-nio-8093-exec-8] c.f.m.exception.GlobalExceptionHandler   : handling runtime errorQuery did not return a unique result: 2 results were returned
2025-02-14T13:33:05.394+05:30  INFO 7304 --- [metro-service] [http-nio-8093-exec-2] c.f.m.controller.CheckInOutController    : Checking out
2025-02-14T13:33:05.503+05:30  INFO 7304 --- [metro-service] [http-nio-8093-exec-2] c.f.m.exception.GlobalExceptionHandler   : handling runtime errorQuery did not return a unique result: 2 results were returned
2025-02-14T13:33:15.528+05:30  INFO 7304 --- [metro-service] [http-nio-8093-exec-3] c.f.m.controller.CheckInOutController    : Checking in
2025-02-14T13:33:20.163+05:30  INFO 7304 --- [metro-service] [http-nio-8093-exec-4] c.f.m.controller.CheckInOutController    : Checking out
2025-02-14T13:33:20.175+05:30  INFO 7304 --- [metro-service] [http-nio-8093-exec-4] c.f.m.exception.GlobalExceptionHandler   : handling runtime errorQuery did not return a unique result: 3 results were returned
2025-02-14T13:34:29.733+05:30  INFO 7304 --- [metro-service] [SpringApplicationShutdownHook] o.s.b.w.e.tomcat.GracefulShutdown        : Commencing graceful shutdown. Waiting for active requests to complete
2025-02-14T13:34:29.748+05:30  INFO 7304 --- [metro-service] [tomcat-shutdown] o.s.b.w.e.tomcat.GracefulShutdown        : Graceful shutdown complete
2025-02-14T13:34:29.784+05:30  INFO 7304 --- [metro-service] [SpringApplicationShutdownHook] o.a.k.clients.producer.KafkaProducer     : [Producer clientId=metro-service-producer-1] Closing the Kafka producer with timeoutMillis = 30000 ms.
2025-02-14T13:34:29.797+05:30  INFO 7304 --- [metro-service] [SpringApplicationShutdownHook] o.apache.kafka.common.metrics.Metrics    : Metrics scheduler closed
2025-02-14T13:34:29.797+05:30  INFO 7304 --- [metro-service] [SpringApplicationShutdownHook] o.apache.kafka.common.metrics.Metrics    : Closing reporter org.apache.kafka.common.metrics.JmxReporter
2025-02-14T13:34:29.797+05:30  INFO 7304 --- [metro-service] [SpringApplicationShutdownHook] o.apache.kafka.common.metrics.Metrics    : Closing reporter org.apache.kafka.common.telemetry.internals.ClientTelemetryReporter
2025-02-14T13:34:29.797+05:30  INFO 7304 --- [metro-service] [SpringApplicationShutdownHook] o.apache.kafka.common.metrics.Metrics    : Metrics reporters closed
2025-02-14T13:34:29.798+05:30  INFO 7304 --- [metro-service] [SpringApplicationShutdownHook] o.a.kafka.common.utils.AppInfoParser     : App info kafka.producer for metro-service-producer-1 unregistered
2025-02-14T13:34:29.813+05:30  INFO 7304 --- [metro-service] [SpringApplicationShutdownHook] j.LocalContainerEntityManagerFactoryBean : Closing JPA EntityManagerFactory for persistence unit 'default'
2025-02-14T13:34:29.821+05:30  INFO 7304 --- [metro-service] [SpringApplicationShutdownHook] com.zaxxer.hikari.HikariDataSource       : HikariPool-1 - Shutdown initiated...
2025-02-14T13:34:29.841+05:30  INFO 7304 --- [metro-service] [SpringApplicationShutdownHook] com.zaxxer.hikari.HikariDataSource       : HikariPool-1 - Shutdown completed.
